Microchip MPLAB XC8 Compiler V2.46

Linker command line:

-W-3 \
  --edf=C:\Program Files\Microchip\xc8\v2.46\pic\dat\20240104201356_en.msgs \
  -cn -h+dist/default/production\led_array_blink.X.production.sym \
  --cmf=dist/default/production\led_array_blink.X.production.cmf -z \
  -Q18F4580 -oC:\Users\ESDC\AppData\Local\Temp\xcAs10k.\driver_tmp_3.o \
  --defsym=__MPLAB_BUILD=1 --fixupoverflow=error \
  -Mdist/default/production/led_array_blink.X.production.map \
  --md=C:\Users\ESDC\AppData\Local\Temp\xcAs10k.\driver_tmp_0.dat -E1 \
  -ver=XC8 Compiler --acfsm=1493 -ACODE=00h-07FFFh -ACONST=00h-07FFFh \
  -ASMALLCONST=0600h-06FFhx122 -AMEDIUMCONST=0600h-07FFFh -ACOMRAM=01h-05Fh \
  -AABS1=00h-05FFh -ABIGRAM=01h-05FFh -ARAM=060h-0FFh,0100h-01FFhx5 \
  -ABANK0=060h-0FFh -ABANK1=0100h-01FFh -ABANK2=0200h-02FFh \
  -ABANK3=0300h-03FFh -ABANK4=0400h-04FFh -ABANK5=0500h-05FFh \
  -ASFR=0D00h-0DFFhx2,0F00h-0F5Fh,0F60h-0FFFh -ABIGSFR=0D00h-0FFFh \
  -ACONFIG=0300000h-030000Dh -AIDLOC=0200000h-0200007h \
  -AEEDATA=0F00000h-0F000FFh -peeprom_data=EEDATA \
  -preset_vec=00h,intcode,sivt_hi,intcodelo,sivt_lo,powerup,init \
  -pramtop=0600h -psmallconst=SMALLCONST -pmediumconst=MEDIUMCONST \
  -pconst=CONST -AFARRAM=00h-00h \
  -prdata=COMRAM,nvrram=COMRAM,nvbit=COMRAM,rbss=COMRAM,rbit=COMRAM \
  -pfarbss=FARRAM,fardata=FARRAM,nvFARRAM=FARRAM \
  -pintsave_regs=BIGRAM,bigbss=BIGRAM,bigdata=BIGRAM -pbss=RAM \
  -pidata=CODE,irdata=CODE,ibigdata=CODE,ifardata=CODE -prparam=COMRAM \
  C:\Users\ESDC\AppData\Local\Temp\xcAs10k.\driver_tmp_9.o \
  dist/default/production\led_array_blink.X.production.o 

Object code version is 3.11

Machine type is 18F4580



                Name                               Link     Load   Length Selector   Space Scale
C:\Users\ESDC\AppData\Local\Temp\xcAs10k.\driver_tmp_9.o
                config                           300000   300000        2        0       4
                init                                  0        0        4        0       0
dist/default/production\led_array_blink.X.production.o
                config                           300000   300000        2        0       4
                smallconst                          600      600       68      300       0
                text6                               C5E      C5E       60      334       0
                text5                               D4A      D4A       2C      334       0
                text4                               ACC      ACC      132      334       0
                text3                               BFE      BFE       60      334       0
                text2                               CBE      CBE       5E      334       0
                text1                               D76      D76       2A      334       0
                text0                               668      668      464      334       0
                cstackCOMRAM                          1        1       39        1       1
                dataCOMRAM                           3A       3A       14        1       1
                cinit                               D1C      D1C       2E      334       0
                idataCOMRAM                         DA0      DA0       14      334       0

TOTAL           Name                               Link     Load   Length     Space
        CLASS   CODE           
                init                                  0        0        4         0
                text6                               C5E      C5E       60         0
                text5                               D4A      D4A       2C         0
                text4                               ACC      ACC      132         0
                text3                               BFE      BFE       60         0
                text2                               CBE      CBE       5E         0
                text1                               D76      D76       2A         0
                text0                               668      668      464         0
                cinit                               D1C      D1C       2E         0
                idataCOMRAM                         DA0      DA0       14         0

        CLASS   CONST          

        CLASS   SMALLCONST     
                smallconst                          600      600       68         0

        CLASS   MEDIUMCONST    

        CLASS   COMRAM         
                cstackCOMRAM                          1        1       39         1
                dataCOMRAM                           3A       3A       14         1

        CLASS   ABS1           

        CLASS   BIGRAM         

        CLASS   RAM            

        CLASS   BANK0          

        CLASS   BANK1          

        CLASS   BANK2          

        CLASS   BANK3          

        CLASS   BANK4          

        CLASS   BANK5          

        CLASS   SFR            

        CLASS   BIGSFR         

        CLASS   CONFIG         
                config                           300000   300000        2         4

        CLASS   IDLOC          

        CLASS   EEDATA         

        CLASS   FARRAM         

        CLASS   HEAP           

        CLASS   STACK          



SEGMENTS        Name                           Load    Length   Top    Selector   Space  Class

                reset_vec                      000000  000004  000004         0       0  CODE    
                cstackCOMRAM                   000001  00004D  00004E         1       1  COMRAM  
                smallconst                     000600  000068  000668       300       0  SMALLCON
                text0                          000668  00074C  000DB4       334       0  CODE    


UNUSED ADDRESS RANGES

        Name                Unused          Largest block    Delta
        BANK0            000060-0000FF               A0
        BANK1            000100-0001FF              100
        BANK2            000200-0002FF              100
        BANK3            000300-0003FF              100
        BANK4            000400-0004FF              100
        BANK5            000500-0005FF              100
        BIGRAM           00004E-0005FF              5B2
        BIGSFR           000D00-000FFF              300
        CODE             000004-0005FF              5FC
                         000DB4-007FFF             724C
        COMRAM           00004E-00005F               12
        CONFIG           300002-30000D                C
        CONST            000004-0005FF              5FC
                         000DB4-007FFF             724C
        EEDATA           F00000-F000FF              100
        IDLOC            200000-200007                8
        MEDIUMCONST      000DB4-007FFF             724C
        RAM              000060-0005FF              100
        SFR              000D00-000FFF              100
        SMALLCONST       000DB4-007FFF              100

                                  Symbol Table

?_strcmp                 cstackCOMRAM 000001
_ADCON1                  (abs)        000FC1
_PORTB                   (abs)        000F81
_PORTD                   (abs)        000F83
_RB4                     (abs)        007C0C
_RB5                     (abs)        007C0D
_RB6                     (abs)        007C0E
_RB7                     (abs)        007C0F
_RC0                     (abs)        007C10
_RC1                     (abs)        007C11
_RC2                     (abs)        007C12
_TRISA                   (abs)        000F92
_TRISB                   (abs)        000F93
_TRISC                   (abs)        000F94
_TRISD                   (abs)        000F95
__HRAM                   (abs)        000000
__H__absolute__          __absolute__ 000000
__Habs1                  abs1         000000
__Hbank0                 bank0        000000
__Hbank1                 bank1        000000
__Hbank2                 bank2        000000
__Hbank3                 bank3        000000
__Hbank4                 bank4        000000
__Hbank5                 bank5        000000
__Hbigbss                bigbss       000000
__Hbigdata               bigdata      000000
__Hbigram                bigram       000000
__Hbigsfr                bigsfr       000000
__Hbss                   bss          000000
__Hcinit                 cinit        000000
__Hclrtext               clrtext      000000
__Hcomram                comram       000000
__Hconfig                config       300002
__Hconst                 const        000000
__HcstackCOMRAM          cstackCOMRAM 000000
__Hdata                  data         000000
__HdataCOMRAM            dataCOMRAM   000000
__Heeprom_data           eeprom_data  000000
__Hfarbss                farbss       000000
__Hfardata               fardata      000000
__Hheap                  heap         000000
__Hibigdata              ibigdata     000000
__Hidata                 idata        000000
__HidataCOMRAM           idataCOMRAM  000000
__Hidloc                 idloc        000000
__Hifardata              ifardata     000000
__Hinit                  init         000004
__Hintcode               intcode      000000
__Hintcode_body          intcode_body 000000
__Hintcodelo             intcodelo    000000
__Hintentry              intentry     000000
__Hintret                intret       000000
__Hintsave_regs          intsave_regs 000000
__Hirdata                irdata       000000
__Hmediumconst           mediumconst  000000
__HnvFARRAM              nvFARRAM     000000
__Hnvbit                 nvbit        000000
__Hnvrram                nvrram       000000
__Hparam                 rparam       000000
__Hpowerup               powerup      000000
__Hram                   ram          000000
__Hramtop                ramtop       000600
__Hrbit                  rbit         000000
__Hrbss                  rbss         000000
__Hrdata                 rdata        000000
__Hreset_vec             reset_vec    000000
__Hrparam                rparam       000000
__Hsfr                   sfr          000000
__Hsivt_hi               sivt_hi      000000
__Hsivt_lo               sivt_lo      000000
__Hsmallconst            smallconst   000668
__Hspace_0               (abs)        000DB4
__Hspace_1               (abs)        00004E
__Hspace_2               (abs)        000000
__Hspace_4               (abs)        600002
__Hstack                 stack        000000
__Hstruct                struct       000000
__Htemp                  temp         000000
__Htext                  text         000000
__Htext0                 text0        000000
__Htext1                 text1        000000
__Htext2                 text2        000000
__Htext3                 text3        000000
__Htext4                 text4        000000
__Htext5                 text5        000000
__Htext6                 text6        000000
__LRAM                   (abs)        000001
__L__absolute__          __absolute__ 000000
__Labs1                  abs1         000000
__Lbank0                 bank0        000000
__Lbank1                 bank1        000000
__Lbank2                 bank2        000000
__Lbank3                 bank3        000000
__Lbank4                 bank4        000000
__Lbank5                 bank5        000000
__Lbigbss                bigbss       000000
__Lbigdata               bigdata      000000
__Lbigram                bigram       000000
__Lbigsfr                bigsfr       000000
__Lbss                   bss          000000
__Lcinit                 cinit        000000
__Lclrtext               clrtext      000000
__Lcomram                comram       000000
__Lconfig                config       000000
__Lconst                 const        000000
__LcstackCOMRAM          cstackCOMRAM 000000
__Ldata                  data         000000
__LdataCOMRAM            dataCOMRAM   000000
__Leeprom_data           eeprom_data  000000
__Lfarbss                farbss       000000
__Lfardata               fardata      000000
__Lheap                  heap         000000
__Libigdata              ibigdata     000000
__Lidata                 idata        000000
__LidataCOMRAM           idataCOMRAM  000000
__Lidloc                 idloc        000000
__Lifardata              ifardata     000000
__Linit                  init         000000
__Lintcode               intcode      000000
__Lintcode_body          intcode_body 000000
__Lintcodelo             intcodelo    000000
__Lintentry              intentry     000000
__Lintret                intret       000000
__Lintsave_regs          intsave_regs 000000
__Lirdata                irdata       000000
__Lmediumconst           mediumconst  000000
__LnvFARRAM              nvFARRAM     000000
__Lnvbit                 nvbit        000000
__Lnvrram                nvrram       000000
__Lparam                 rparam       000000
__Lpowerup               powerup      000000
__Lram                   ram          000000
__Lramtop                ramtop       000600
__Lrbit                  rbit         000000
__Lrbss                  rbss         000000
__Lrdata                 rdata        000000
__Lreset_vec             reset_vec    000000
__Lrparam                rparam       000000
__Lsfr                   sfr          000000
__Lsivt_hi               sivt_hi      000000
__Lsivt_lo               sivt_lo      000000
__Lsmallconst            smallconst   000600
__Lspace_0               (abs)        000000
__Lspace_1               (abs)        000000
__Lspace_2               (abs)        000000
__Lspace_4               (abs)        000000
__Lstack                 stack        000000
__Lstruct                struct       000000
__Ltemp                  temp         000000
__Ltext                  text         000000
__Ltext0                 text0        000000
__Ltext1                 text1        000000
__Ltext2                 text2        000000
__Ltext3                 text3        000000
__Ltext4                 text4        000000
__Ltext5                 text5        000000
__Ltext6                 text6        000000
__S0                     (abs)        000DB4
__S1                     (abs)        00004E
__S4                     (abs)        000000
__S5                     (abs)        000000
___heap_hi               (abs)        000000
___heap_lo               (abs)        000000
___inthi_sp              stack        000000
___inthi_stack_hi        stack        000000
___inthi_stack_lo        stack        000000
___intlo_sp              stack        000000
___intlo_stack_hi        stack        000000
___intlo_stack_lo        stack        000000
___param_bank            (abs)        000000
___rparam_used           (abs)        000001
___sp                    stack        000000
___stack_hi              stack        000000
___stack_lo              stack        000000
__accesstop              (abs)        000060
__activetblptr           (abs)        000001
__end_of__initialization cinit        000D3C
__end_of_data            text6        000CBE
__end_of_display         text5        000D76
__end_of_keypad          text4        000BFE
__end_of_lcdcmd          text3        000C5E
__end_of_main            text0        000ACC
__end_of_strcmp          text2        000D1C
__end_of_strcpy          text1        000DA0
__initialization         cinit        000D1C
__mediumconst            mediumconst  000000
__pcinit                 cinit        000D1C
__pcstackCOMRAM          cstackCOMRAM 000001
__pdataCOMRAM            dataCOMRAM   00003A
__pidataCOMRAM           idataCOMRAM  000DA0
__psmallconst            smallconst   000600
__ptext0                 text0        000668
__ptext1                 text1        000D76
__ptext2                 text2        000CBE
__ptext3                 text3        000BFE
__ptext4                 text4        000ACC
__ptext5                 text5        000D4A
__ptext6                 text6        000C5E
__ramtop                 ramtop       000600
__smallconst             smallconst   000600
_data                    text6        000C5E
_display                 text5        000D4A
_keypad                  text4        000ACC
_lcdcmd                  text3        000BFE
_main                    text0        000668
_strcmp                  text2        000CBE
_strcpy                  text1        000D76
data@a                   cstackCOMRAM 000001
data@i                   cstackCOMRAM 000002
data@i_57                cstackCOMRAM 000004
display@p                cstackCOMRAM 000006
end_of_initialization    cinit        000D3C
intlevel0                text         000000
intlevel1                text         000000
intlevel2                text         000000
intlevel3                text         000000
isa$std                  (abs)        000001
isa$xinst                (abs)        000000
lcdcmd@a                 cstackCOMRAM 000001
lcdcmd@i                 cstackCOMRAM 000002
lcdcmd@i_53              cstackCOMRAM 000004
main@F10663              dataCOMRAM   000049
main@F10665              dataCOMRAM   000044
main@F10667              dataCOMRAM   00003F
main@F10669              dataCOMRAM   00003A
main@a                   cstackCOMRAM 000016
main@i                   cstackCOMRAM 00002F
main@i_84                cstackCOMRAM 00001B
main@i_86                cstackCOMRAM 000031
main@i_88                cstackCOMRAM 000033
main@i_90                cstackCOMRAM 00001F
main@i_92                cstackCOMRAM 000023
main@i_94                cstackCOMRAM 000027
main@i_96                cstackCOMRAM 00002B
main@j                   cstackCOMRAM 000035
main@pass                cstackCOMRAM 00000C
main@pass_temp1          cstackCOMRAM 000011
main@pass_temp2          cstackCOMRAM 000007
main@s                   cstackCOMRAM 000039
stackhi                  (abs)        000000
stacklo                  (abs)        000000
start                    init         000000
start_initialization     cinit        000D1C
strcmp@l                 cstackCOMRAM 000001
strcmp@r                 cstackCOMRAM 000002
strcpy@d                 cstackCOMRAM 000003
strcpy@dest              cstackCOMRAM 000001
strcpy@src               cstackCOMRAM 000002


MODULE INFORMATION

Module		Function		Class		Link	Load	Size
C:\Program Files\Microchip\xc8\v2.46\pic\sources\c99\common\strcmp.c
		_strcmp        		CODE           	0CBE	0000	94

C:\Program Files\Microchip\xc8\v2.46\pic\sources\c99\common\strcmp.c estimated size: 94

C:\Program Files\Microchip\xc8\v2.46\pic\sources\c99\common\strcpy.c
		_strcpy        		CODE           	0D76	0000	42

C:\Program Files\Microchip\xc8\v2.46\pic\sources\c99\common\strcpy.c estimated size: 42

shared
		__initialization		CODE           	0D1C	0000	32

shared estimated size: 32

lcd.c
		_display       		CODE           	0D4A	0000	44
		_main          		CODE           	0668	0000	1124
		_keypad        		CODE           	0ACC	0000	306
		_lcdcmd        		CODE           	0BFE	0000	96
		_data          		CODE           	0C5E	0000	96

lcd.c estimated size: 1666

